// Jest Snapshot v1, https://goo.gl/fbAQLP

exports[`Should display a cell 1`] = `
<DocumentFragment>
  <td
    class="Cell "
  />
</DocumentFragment>
`;
